Microchip MPLAB XC8 Compiler V1.33 ()

Linker command line:

-W-3 --edf=D:\Programok\Microchip\xc8\v1.33\dat\en_msgs.txt -cs \
  -h+dist/Picdem_16f877_Release_XC8/production\demo-cursor.X.production.sym \
  --cmf=dist/Picdem_16f877_Release_XC8/production\demo-cursor.X.production.cmf \
  -z -Q16F877A -oC:\Users\Benjami\AppData\Local\Temp\s6l8.6 \
  -Mdist/Picdem_16f877_Release_XC8/production/demo-cursor.X.production.map \
  -E1 -ver=XC8 -ASTACK=0110h-016fh -pstack=STACK -ACONST=00h-0FFhx32 \
  -ACODE=00h-07FFhx4 -ASTRCODE=00h-01FFFh -AENTRY=00h-0FFhx32 \
  -ASTRING=00h-0FFhx32 -ACOMMON=070h-07Fh -ABANK0=020h-06Fh \
  -ABANK1=0A0h-0EFh -ABANK2=0110h-016Fh -ABANK3=0190h-01EFh \
  -ARAM=020h-06Fh,0A0h-0EFh,0110h-016Fh,0190h-01EFh \
  -AABS1=020h-07Fh,0A0h-0EFh,0110h-016Fh,0190h-01EFh -ASFR0=00h-01Fh \
  -ASFR1=080h-09Fh -ASFR2=0100h-010Fh -ASFR3=0180h-018Fh \
  -preset_vec=00h,intentry=04h,init,end_init -ppowerup=CODE -pcinit=CODE \
  -pfunctab=CODE -ACONFIG=02007h-02007h -pconfig=CONFIG -DCONFIG=2 \
  -AIDLOC=02000h-02003h -pidloc=IDLOC -DIDLOC=2 -AEEDATA=00h-0FFh/02100h \
  -peeprom_data=EEDATA -DEEDATA=2 -DCODE=2 -DSTRCODE=2 -DSTRING=2 -DCONST=2 \
  -DENTRY=2 -k C:\Users\Benjami\AppData\Local\Temp\s6l8.obj \
  dist/Picdem_16f877_Release_XC8/production\demo-cursor.X.production.obj 

Object code version is 3.11

Machine type is 16F877A



                Name                               Link     Load   Length Selector   Space Scale
C:\Users\Benjami\AppData\Local\Temp\s6l8.obj
                end_init                              C        C        3        8       0
                reset_vec                             0        0        3        0       0
                config                             2007     2007        1     400E       0
dist/Picdem_16f877_Release_XC8/production\demo-cursor.X.production.obj
                cinit                                 F        F       12        8       0
                intentry                              4        4        8        8       0
                text8                               21F      21F        7        8       0
                text2                                21       21      16F        8       0
                text1                               1DF      1DF       38        8       0
                maintext                            190      190       4F        8       0
                cstackBANK0                          42       42        4       20       1
                cstackCOMMON                         70       70        6       70       1
                clrtext                             217      217        8        8       0
                bssBANK0                             20       20       22       20       1
                dataCOMMON                           7B       7B        1       70       1
                bssCOMMON                            76       76        5       70       1

TOTAL           Name                               Link     Load   Length     Space
        CLASS   STACK          

        CLASS   CONST          

        CLASS   CODE           
                end_init                              C        C        3         0
                cinit                                 F        F       12         0
                intentry                              4        4        8         0
                reset_vec                             0        0        3         0
                text8                               21F      21F        7         0
                text2                                21       21      16F         0
                text1                               1DF      1DF       38         0
                maintext                            190      190       4F         0
                clrtext                             217      217        8         0

        CLASS   STRCODE        

        CLASS   ENTRY          

        CLASS   STRING         

        CLASS   COMMON         
                cstackCOMMON                         70       70        6         1
                dataCOMMON                           7B       7B        1         1
                bssCOMMON                            76       76        5         1

        CLASS   BANK0          
                cstackBANK0                          42       42        4         1
                bssBANK0                             20       20       22         1

        CLASS   BANK1          

        CLASS   BANK2          

        CLASS   BANK3          

        CLASS   RAM            

        CLASS   ABS1           
                abs_s1                               7E       7E        2         1

        CLASS   SFR0           

        CLASS   SFR1           

        CLASS   SFR2           

        CLASS   SFR3           

        CLASS   CONFIG         
                config                             2007     2007        1         0

        CLASS   IDLOC          

        CLASS   EEDATA         



SEGMENTS        Name                           Load    Length   Top    Selector   Space  Class     Delta

                reset_vec                      000000  000003  000003         0       0  CODE        2
                intentry                       000004  000222  000226         8       0  CODE        2
                bssBANK0                       000020  000026  000046        20       1  BANK0       1
                cstackCOMMON                   000070  00000C  00007C        70       1  COMMON      1
                config                         002007  000001  002008      400E       0  CONFIG      2


UNUSED ADDRESS RANGES

        Name                Unused          Largest block    Delta
        BANK0            0046-006F             2A           1
        BANK1            00A0-00EF             50           1
        BANK2            0110-016F             60           1
        BANK3            0190-01EF             60           1
        CODE             0003-0003              1           2
                         0226-1FFF            800
        COMMON           007C-007D              2           1
        CONST            0003-0003              1           2
                         0226-1FFF            100
        EEDATA           2100-21FF            100           2
        ENTRY            0003-0003              1           2
                         0226-1FFF            100
        IDLOC            2000-2003              4           2
        RAM              0046-006F             2A           1
                         00A0-00EF             50
                         0110-016F             60
                         0190-01EF             60
        SFR0             0000-001F             20           1
        SFR1             0080-009F             20           1
        SFR2             0100-010F             10           1
        SFR3             0180-018F             10           1
        STACK            0110-016F             60           1
        STRCODE          0003-0003              1           2
                         0226-1FFF           1DDA
        STRING           0003-0003              1           2
                         0226-1FFF            100

                                  Symbol Table

DelayLcd@cl              cstackCOMMON 0072
DelayMs@dl               cstackCOMMON 0073
DelayMs@ms               cstackCOMMON 0072
LcdInit@i                cstackCOMMON 0075
PL2                      text2        0189
_ADCON1bits              (abs)        009F
_DelayLcd                text2        0184
_DelayMs                 text2        00C5
_LcdCursorPos            bssCOMMON    0076
_LcdCursorType           bssCOMMON    0077
_LcdInit                 text2        002D
_LcdPos                  bssCOMMON    0078
_LcdProcess              text2        00DA
_LcdRefreshAll           text2        0021
_LcdStatus               dataCOMMON   007B
_LcdText                 bssBANK0     0020
_LcdWrite                text2        0161
_PORTAbits               (abs)        0005
_PORTBbits               (abs)        0006
_PORTD                   (abs)        0008
_TRISAbits               (abs)        0085
_TRISBbits               (abs)        0086
_TRISD                   (abs)        0088
__CFG_BOREN$OFF          (abs)        0000
__CFG_CP$OFF             (abs)        0000
__CFG_CPD$OFF            (abs)        0000
__CFG_FOSC$HS            (abs)        0000
__CFG_LVP$OFF            (abs)        0000
__CFG_PWRTE$OFF          (abs)        0000
__CFG_WDTE$OFF           (abs)        0000
__CFG_WRT$OFF            (abs)        0000
__Habs1                  abs1         0000
__Hbank0                 bank0        0000
__Hbank1                 bank1        0000
__Hbank2                 bank2        0000
__Hbank3                 bank3        0000
__HbssBANK0              bssBANK0     0000
__HbssCOMMON             bssCOMMON    0000
__Hcinit                 cinit        0021
__Hclrtext               clrtext      0000
__Hcode                  code         0000
__Hcommon                common       0000
__Hconfig                config       2008
__HcstackBANK0           cstackBANK0  0000
__HcstackCOMMON          cstackCOMMON 0000
__HdataCOMMON            dataCOMMON   0000
__Heeprom_data           eeprom_data  0000
__Hend_init              end_init     000F
__Hfunctab               functab      0000
__HidataCOMMON           idataCOMMON  0000
__Hidloc                 idloc        0000
__Hinit                  init         000C
__Hintentry              intentry     000C
__Hmaintext              maintext     0000
__Hpa_nodes              pa_nodes     0000
__Hpowerup               powerup      0000
__Hram                   ram          0000
__Hreset_vec             reset_vec    0003
__Hsfr0                  sfr0         0000
__Hsfr1                  sfr1         0000
__Hsfr2                  sfr2         0000
__Hsfr3                  sfr3         0000
__Hspace_0               (abs)        2008
__Hspace_1               (abs)        007C
__Hspace_2               (abs)        0000
__Hspace_3               (abs)        0000
__Hstack                 stack        0000
__Hstrings               strings      0000
__Htext                  text         0000
__Labs1                  abs1         0000
__Lbank0                 bank0        0000
__Lbank1                 bank1        0000
__Lbank2                 bank2        0000
__Lbank3                 bank3        0000
__LbssBANK0              bssBANK0     0000
__LbssCOMMON             bssCOMMON    0000
__Lcinit                 cinit        000F
__Lclrtext               clrtext      0000
__Lcode                  code         0000
__Lcommon                common       0000
__Lconfig                config       2007
__LcstackBANK0           cstackBANK0  0000
__LcstackCOMMON          cstackCOMMON 0000
__LdataCOMMON            dataCOMMON   0000
__Leeprom_data           eeprom_data  0000
__Lend_init              end_init     000C
__Lfunctab               functab      0000
__LidataCOMMON           idataCOMMON  0000
__Lidloc                 idloc        0000
__Linit                  init         000C
__Lintentry              intentry     0004
__Lmaintext              maintext     0000
__Lpa_nodes              pa_nodes     0000
__Lpowerup               powerup      0000
__Lram                   ram          0000
__Lreset_vec             reset_vec    0000
__Lsfr0                  sfr0         0000
__Lsfr1                  sfr1         0000
__Lsfr2                  sfr2         0000
__Lsfr3                  sfr3         0000
__Lspace_0               (abs)        0000
__Lspace_1               (abs)        0000
__Lspace_2               (abs)        0000
__Lspace_3               (abs)        0000
__Lstack                 stack        0000
__Lstrings               strings      0000
__Ltext                  text         0000
__S0                     (abs)        2008
__S1                     (abs)        007C
__S2                     (abs)        0000
__S3                     (abs)        0000
___int_sp                stack        0000
___latbits               (abs)        0002
___sp                    stack        0000
__end_ofPL2              text2        0190
__end_of_DelayLcd        text2        0189
__end_of_DelayMs         text2        00DA
__end_of_LcdInit         text2        00C5
__end_of_LcdProcess      text2        0161
__end_of_LcdRefreshAll   text2        002D
__end_of_LcdWrite        text2        0184
__end_of__initialization cinit        001D
__end_of_isr             text8        0226
__end_of_main            maintext     01DF
__end_of_mwait           text1        0217
__initialization         cinit        000F
__pbssBANK0              bssBANK0     0020
__pbssCOMMON             bssCOMMON    0076
__pcstackBANK0           cstackBANK0  0042
__pcstackCOMMON          cstackCOMMON 0070
__pdataCOMMON            dataCOMMON   007B
__pidataCOMMON           idataCOMMON  0000
__pintentry              intentry     0004
__pmaintext              maintext     0190
__ptext1                 text1        01DF
__ptext2                 text2        0021
__ptext3                 text2        00DA
__ptext4                 text2        0184
__ptext5                 text2        002D
__ptext6                 text2        0161
__ptext7                 text2        00C5
__ptext8                 text8        021F
__size_of_DelayLcd       (abs)        0000
__size_of_DelayMs        (abs)        0000
__size_of_LcdInit        (abs)        0000
__size_of_LcdProcess     (abs)        0000
__size_of_LcdRefreshAll  (abs)        0000
__size_of_LcdWrite       (abs)        0000
__size_of_isr            (abs)        0000
__size_of_main           (abs)        0000
__size_of_mwait          (abs)        0000
_ch                      bssCOMMON    0079
_isr                     text8        021F
_main                    maintext     0190
_mwait                   text1        01DF
_uchp                    bssBANK0     0041
btemp                    (abs)        007E
clear_ram0               clrtext      0217
end_of_initialization    cinit        001D
interrupt_function       intentry     0004
intlevel0                functab      0000
intlevel1                functab      0000
intlevel2                functab      0000
intlevel3                functab      0000
intlevel4                functab      0000
intlevel5                functab      0000
ltemp                    (abs)        007E
ltemp0                   (abs)        007E
ltemp1                   (abs)        0082
ltemp2                   (abs)        0086
ltemp3                   (abs)        0080
mwait@cc                 bssCOMMON    007A
mwait@dh                 cstackBANK0  0042
mwait@dl                 cstackBANK0  0044
reset_vec                reset_vec    0000
saved_w                  (abs)        007E
stackhi                  (abs)        0000
stacklo                  (abs)        0000
start                    init         000C
start_initialization     cinit        000F
ttemp                    (abs)        007E
ttemp0                   (abs)        007E
ttemp1                   (abs)        0081
ttemp2                   (abs)        0084
ttemp3                   (abs)        0087
ttemp4                   (abs)        007F
wtemp                    (abs)        007E
wtemp0                   (abs)        007E
wtemp1                   (abs)        0080
wtemp2                   (abs)        0082
wtemp3                   (abs)        0084
wtemp4                   (abs)        0086
wtemp5                   (abs)        0088
wtemp6                   (abs)        007F


FUNCTION INFORMATION:

 *************** function _main *****************
 Defined at:
		line 81 in file "../cursor-demo-htc.c"
 Parameters:    Size  Location     Type
		None
 Auto vars:     Size  Location     Type
  c               1    0        unsigned char 
 Return value:  Size  Location     Type
		None               void
 Registers used:
		wreg, fsr0l, fsr0h, status,2, status,0, pclath, cstack
 Tracked objects:
		On entry : 
		On exit  : 
		Unchanged: 
 Data sizes:     COMMON   BANK0   BANK1   BANK3   BANK2
      Params:         0       0       0       0       0
      Locals:         0       0       0       0       0
      Temps:          0       0       0       0       0
      Totals:         0       0       0       0       0
Total ram usage:        0 bytes
 Hardware stack levels required when called:    4
 This function calls:
		_LcdInit
		_LcdRefreshAll
		_mwait
 This function is called by:
		Startup code after reset
 This function uses a non-reentrant model


 *************** function _mwait *****************
 Defined at:
		line 45 in file "../cursor-demo-htc.c"
 Parameters:    Size  Location     Type
		None
 Auto vars:     Size  Location     Type
  dl              2    2[BANK0 ] volatile unsigned int 
  dh              2    0[BANK0 ] volatile unsigned int 
 Return value:  Size  Location     Type
		None               void
 Registers used:
		wreg, fsr0l, fsr0h, status,2, status,0
 Tracked objects:
		On entry : 
		On exit  : 
		Unchanged: 
 Data sizes:     COMMON   BANK0   BANK1   BANK3   BANK2
      Params:         0       0       0       0       0
      Locals:         0       4       0       0       0
      Temps:          1       0       0       0       0
      Totals:         1       4       0       0       0
Total ram usage:        5 bytes
 Hardware stack levels used:    1
 Hardware stack levels required when called:    1
 This function calls:
		Nothing
 This function is called by:
		_main
 This function uses a non-reentrant model


 *************** function _LcdRefreshAll *****************
 Defined at:
		line 1611 in file "../charlcd.c"
 Parameters:    Size  Location     Type
		None
 Auto vars:     Size  Location     Type
		None
 Return value:  Size  Location     Type
		None               void
 Registers used:
		wreg, fsr0l, fsr0h, status,2, status,0, pclath, cstack
 Tracked objects:
		On entry : 
		On exit  : 
		Unchanged: 
 Data sizes:     COMMON   BANK0   BANK1   BANK3   BANK2
      Params:         0       0       0       0       0
      Locals:         0       0       0       0       0
      Temps:          0       0       0       0       0
      Totals:         0       0       0       0       0
Total ram usage:        0 bytes
 Hardware stack levels used:    1
 Hardware stack levels required when called:    3
 This function calls:
		_DelayLcd
		_LcdProcess
 This function is called by:
		_main
 This function uses a non-reentrant model


 *************** function _LcdProcess *****************
 Defined at:
		line 1118 in file "../charlcd.c"
 Parameters:    Size  Location     Type
		None
 Auto vars:     Size  Location     Type
		None
 Return value:  Size  Location     Type
		None               void
 Registers used:
		wreg, fsr0l, fsr0h, status,2, status,0, pclath, cstack
 Tracked objects:
		On entry : 
		On exit  : 
		Unchanged: 
 Data sizes:     COMMON   BANK0   BANK1   BANK3   BANK2
      Params:         0       0       0       0       0
      Locals:         0       0       0       0       0
      Temps:          0       0       0       0       0
      Totals:         0       0       0       0       0
Total ram usage:        0 bytes
 Hardware stack levels used:    1
 Hardware stack levels required when called:    2
 This function calls:
		_LcdWrite
 This function is called by:
		_LcdRefreshAll
 This function uses a non-reentrant model


 *************** function _DelayLcd *****************
 Defined at:
		line 792 in file "../charlcd.c"
 Parameters:    Size  Location     Type
		None
 Auto vars:     Size  Location     Type
  cl              1    2[COMMON] volatile unsigned char 
 Return value:  Size  Location     Type
		None               void
 Registers used:
		wreg
 Tracked objects:
		On entry : 
		On exit  : 
		Unchanged: 
 Data sizes:     COMMON   BANK0   BANK1   BANK3   BANK2
      Params:         0       0       0       0       0
      Locals:         1       0       0       0       0
      Temps:          0       0       0       0       0
      Totals:         1       0       0       0       0
Total ram usage:        1 bytes
 Hardware stack levels used:    1
 Hardware stack levels required when called:    1
 This function calls:
		Nothing
 This function is called by:
		_LcdRefreshAll
 This function uses a non-reentrant model


 *************** function _LcdInit *****************
 Defined at:
		line 957 in file "../charlcd.c"
 Parameters:    Size  Location     Type
		None
 Auto vars:     Size  Location     Type
  i               1    5[COMMON] unsigned char 
 Return value:  Size  Location     Type
		None               void
 Registers used:
		wreg, fsr0l, fsr0h, status,2, status,0, pclath, cstack
 Tracked objects:
		On entry : 
		On exit  : 
		Unchanged: 
 Data sizes:     COMMON   BANK0   BANK1   BANK3   BANK2
      Params:         0       0       0       0       0
      Locals:         1       0       0       0       0
      Temps:          0       2       0       0       0
      Totals:         1       2       0       0       0
Total ram usage:        3 bytes
 Hardware stack levels used:    1
 Hardware stack levels required when called:    2
 This function calls:
		_DelayMs
		_LcdWrite
 This function is called by:
		_main
 This function uses a non-reentrant model


 *************** function _LcdWrite *****************
 Defined at:
		line 888 in file "../charlcd.c"
 Parameters:    Size  Location     Type
		None
 Auto vars:     Size  Location     Type
		None
 Return value:  Size  Location     Type
		None               void
 Registers used:
		wreg, status,2, status,0
 Tracked objects:
		On entry : 
		On exit  : 
		Unchanged: 
 Data sizes:     COMMON   BANK0   BANK1   BANK3   BANK2
      Params:         0       0       0       0       0
      Locals:         0       0       0       0       0
      Temps:          2       0       0       0       0
      Totals:         2       0       0       0       0
Total ram usage:        2 bytes
 Hardware stack levels used:    1
 Hardware stack levels required when called:    1
 This function calls:
		Nothing
 This function is called by:
		_LcdInit
		_LcdProcess
 This function uses a non-reentrant model


 *************** function _DelayMs *****************
 Defined at:
		line 748 in file "../charlcd.c"
 Parameters:    Size  Location     Type
  ms              1    wreg     unsigned char 
 Auto vars:     Size  Location     Type
  ms              1    2[COMMON] unsigned char 
  dl              2    3[COMMON] volatile unsigned int 
 Return value:  Size  Location     Type
		None               void
 Registers used:
		wreg, status,2, status,0
 Tracked objects:
		On entry : 
		On exit  : 
		Unchanged: 
 Data sizes:     COMMON   BANK0   BANK1   BANK3   BANK2
      Params:         0       0       0       0       0
      Locals:         3       0       0       0       0
      Temps:          0       0       0       0       0
      Totals:         3       0       0       0       0
Total ram usage:        3 bytes
 Hardware stack levels used:    1
 Hardware stack levels required when called:    1
 This function calls:
		Nothing
 This function is called by:
		_LcdInit
 This function uses a non-reentrant model


 *************** function _isr *****************
 Defined at:
		line 150 in file "../cursor-demo-htc.c"
 Parameters:    Size  Location     Type
		None
 Auto vars:     Size  Location     Type
		None
 Return value:  Size  Location     Type
		None               void
 Registers used:
		None
 Tracked objects:
		On entry : 
		On exit  : 
		Unchanged: 
 Data sizes:     COMMON   BANK0   BANK1   BANK3   BANK2
      Params:         0       0       0       0       0
      Locals:         0       0       0       0       0
      Temps:          2       0       0       0       0
      Totals:         2       0       0       0       0
Total ram usage:        2 bytes
 Hardware stack levels used:    1
 This function calls:
		Nothing
 This function is called by:
		Interrupt level 1
 This function uses a non-reentrant model



MODULE INFORMATION

Module		Function		Class		Link	Load	Size
../cursor-demo-htc.c
		_main          		CODE           	0190	0000	79
		_isr           		CODE           	021F	0000	7
		_mwait         		CODE           	01DF	0000	56

../cursor-demo-htc.c estimated size: 142

../charlcd.c
		_DelayLcd      		CODE           	0184	0000	5
		_LcdProcess    		CODE           	00DA	0000	135
		_LcdWrite      		CODE           	0161	0000	35
		_DelayMs       		CODE           	00C5	0000	21
		_LcdRefreshAll 		CODE           	0021	0000	12
		_LcdInit       		CODE           	002D	0000	152

../charlcd.c estimated size: 360

shared
		__initializatio		CODE           	000F	0000	14
		PL2            		CODE           	0189	0000	7

shared estimated size: 21

